../Core/Src/main.c:82:5:main	72	static
../Core/Src/main.c:169:6:SystemClock_Config	72	static
../Core/Src/main.c:209:13:MX_SPI1_Init	8	static
../Core/Src/main.c:246:13:MX_USART1_UART_Init	8	static
../Core/Src/main.c:277:13:MX_DMA_Init	16	static
../Core/Src/main.c:295:13:MX_GPIO_Init	16	static
../Core/Src/main.c:312:6:HAL_UARTEx_RxEventCallback	16	static
../Core/Src/main.c:323:6:HAL_SPI_RxCpltCallback	16	static
../Core/Src/main.c:338:6:Startmain_master	16	static
../Core/Src/main.c:357:6:Startmain_Dem	16	static
../Core/Src/main.c:377:6:HAL_TIM_PeriodElapsedCallback	16	static
../Core/Src/main.c:394:6:Error_Handler	4	static,ignoring_inline_asm
