../Core/Src/main.c:94:5:main	104	static
../Core/Src/main.c:183:6:SystemClock_Config	72	static
../Core/Src/main.c:222:13:MX_CRC_Init	8	static
../Core/Src/main.c:248:13:MX_SPI1_Init	8	static
../Core/Src/main.c:285:13:MX_USART1_UART_Init	8	static
../Core/Src/main.c:316:13:MX_DMA_Init	16	static
../Core/Src/main.c:334:13:MX_GPIO_Init	16	static
../Core/Src/main.c:348:6:HAL_UARTEx_RxEventCallback	16	static
../Core/Src/main.c:357:6:HAL_SPI_RxCpltCallback	16	static
../Core/Src/main.c:371:6:StartDefaultTask	16	static
../Core/Src/main.c:389:6:Main_Master	16	static
../Core/Src/main.c:408:6:Main_DEM	16	static
../Core/Src/main.c:428:6:HAL_TIM_PeriodElapsedCallback	16	static
../Core/Src/main.c:445:6:Error_Handler	4	static,ignoring_inline_asm
